---
source: tui/src/bottom_pane/tasks_settings_view_tests.rs
expression: "render_view(&view, 100)"
---

  Tasks
  Configure the task list shown above the prompt.

  Type to search

› [ ] Keep in-progress tasks visible  Pin the latest unfinished plan above the prompt.

  space toggle · enter save · esc cancel
