---
source: tui/src/chatwidget/rendering_tests.rs
expression: buffer_text(&modal)
---


  Tasks
  Configure the task list shown above the prompt.

  Type to search
  >
› [x] Keep in-progress tasks visible  Pin the latest unfinished plan above th…

  Press space to toggle; enter to confirm and close; esc to close
